launched restore_cycle 22:43:09
log: sweeps/chestnut-usb3-20260830/dflash-restore-fault-20260905/logs/20260905-224309-restore-cycle.log
=== FAULT 22:57:40 ===
SERVED run 1 kind=warmup startup=590s 22:53:03
SERVED run 2 kind=restore startup=151s 22:56:54
FAULT run 2 (restore) req 1
=== FAULTMAP ===
am usb:2-9: FAULTMAP fault_va=0x2000b8292000 n_used_blocks=1894
am usb:2-9: FAULTMAP  overrun-src va=0x2000aa000000 size=0xa00000(10.49MB) end=0x2000aaa00000 (fault +0xd892000 past end)
am usb:2-9: FAULTMAP  next-above va=0x2000bc000000 size=0x6400000(104.86MB) (gap 0x3d6e000)
am usb:2-9: FAULTMAP  big blocks (>=4MiB, 56): 0x200006000000+4M 0x200006400000+4M 0x200007c00000+5M 0x200008400000+5M 0x200008c00000+4M 0x200009800000+10M 0x20000a400000+5M 0x20000ac00000+5M 0x20000b400000+4M 0x20000c000000+10M 0x20000cc00000+6M 0x20000d400000+6M 0x20000dc00000+4M 0x20000e800000+12M 0x20000f400000+7M 0x20000fc00000+7M 0x200010400000+4M 0x200011000000+14M 0x200012000000+10M 0x2000
am usb:2-9: FAULTMAP  10MiB blocks (22): 0x200009800000 0x20000c000000 0x200012000000 0x200013000000 0x200015800000 0x200016800000 0x200033000000 0x200089800000 0x20008a800000 0x20009e000000 0x20009f000000 0x2000a0000000 0x2000a1000000 0x2000a2000000 0x2000a3000000 0x2000a4000000 0x2000a5000000 0x2000a6000000 0x2000a7000000 0x2000a8000000 0x2000a9000000 0x2000aa000000  fault - first = 0xaea92000 =
=== attn_prep kernels: buffer args (KV cache = the 10MiB one) ===
    sp_p of k[8] attn_prep_24_4_256_64_8204_11_k4jv4 @0x200014800000: [start_pos, n_tok, n_keep] = (29, 10, 5); kernels touching it: [0, 8, 9, 10, 18, 19, 27, 28, 37, 38, 46, 47]
    k[8] attn_prep_24_4_256_64_8204_11_k4jv4 code=0x20001e35a000 lib=[0x20001e35a000,+0x3000) img=0x26e8 kernargs=0x200005abe1f0 bufs=0x20001490dd00/60K 0x200014800100/0K 0x20001491cd00/60K 0x20001492bd00/0K 0x200033000000/10240K 0x20001496d700/480K 0x2000148f9d00/40K 0x200014903d00/40K 0x200000131000/4K 0x200000132000/4K 0x2000
    k[46] attn_prep_24_4_256_64_8204_11_k4jv4 code=0x20001e35a000 lib=[0x20001e35a000,+0x3000) img=0x26e8 kernargs=0x200005abeb10 bufs=0x20001493fd00/60K 0x200014800100/0K 0x20001494ed00/60K 0x200014800500/0K 0x200089800000/10240K 0x2000149cf900/480K 0x20001492bd00/40K 0x200014935d00/40K 0x2000004fe000/4K 0x200000c59000/4K 0x200
    sp_p of k[19] attn_prep_24_4_256_64_8204_11_k4jv4 @0x200014800000: [start_pos, n_tok, n_keep] = (29, 10, 5); kernels touching it: [1, 2, 10, 11, 19, 20, 21, 29, 30, 38, 39, 47]
    k[19] attn_prep_24_4_256_64_8204_11_k4jv4 code=0x20001e35a000 lib=[0x20001e35a000,+0x3000) img=0x26e8 kernargs=0x200005b3c4b0 bufs=0x20001493fd00/60K 0x200014800100/0K 0x20001494ed00/60K 0x20001495dd00/0K 0x20008a800000/10240K 0x20001499f700/480K 0x20001492bd00/40K 0x200014935d00/40K 0x2000007fd000/4K 0x2000007fe000/4K 0x200
    k[56] attn_prep_24_4_256_64_8204_11_k4jv4 code=0x20001e35a000 lib=[0x20001e35a000,+0x3000) img=0x26e8 kernargs=0x200005b3cdd0 bufs=0x20001493fd00/60K 0x200014800100/0K 0x20001494ed00/60K 0x20001495dd00/0K 0x20009e000000/10240K 0x20001499f700/480K 0x20001492bd00/40K 0x200014935d00/40K 0x200002c9c000/4K 0x200002c9d000/4K 0x200
=== sp_p / code verdicts ===
    sp_p of k[8] attn_prep_24_4_256_64_8204_11_k4jv4 @0x200014800000: [start_pos, n_tok, n_keep] = (29, 10, 5); kernels touching it: [0, 8, 9, 10, 18, 19, 27, 28, 37, 38, 46, 47]
    kernel code images verified: 23, corrupted: 0
    sp_p of k[19] attn_prep_24_4_256_64_8204_11_k4jv4 @0x200014800000: [start_pos, n_tok, n_keep] = (29, 10, 5); kernels touching it: [1, 2, 10, 11, 19, 20, 21, 29, 30, 38, 39, 47]
    kernel code images verified: 31, corrupted: 0
    sp_p of k[3] attn_prep_24_4_256_64_8204_11_k4jv4 @0x200014800000: [start_pos, n_tok, n_keep] = (29, 10, 5); kernels touching it: [3, 4, 5, 13, 14, 22, 23, 31, 32, 40, 41, 42]
    kernel code images verified: 36, corrupted: 0

[exited with code 0]
