=== FAULT + BUILD DIFF PRINTED ===
drops=0
run 1 req 6 21:05:57  drops=0  gen:  60 tok/s
run 1 req 7 21:06:07  drops=0  gen:  61 tok/s
run 1 req 8 21:06:17  drops=0  gen:  57 tok/s
=== RESTART 2 21:06:17 ===
SERVED run 2 21:08:50  drops-so-far=0
run 2 req 1 21:09:35  drops=0  gen:  57 tok/s
FAULT run 2 req 1
=== RESTART 3 21:09:35 ===
=== hang report verdicts ===
/v1/chat/completions  --  prep:    0 ms  --  in:    0 +   25  --  prefill:   9 tok/s  --  === hang report for AMD: Wait timeout: 30000 ms! (the signal is not set to 37990, but 37986)
    build-time kernarg slots checked: 0, mismatched: 0
    hw_page packet dwords checked: 3555, mismatched: 0
    build-time kernarg slots checked: 0, mismatched: 0
    hw_page packet dwords checked: 7075, mismatched: 0
    build-time kernarg slots checked: 0, mismatched: 0
    hw_page packet dwords checked: 14115, mismatched: 0
    build-time kernarg slots checked: 0, mismatched: 0
    hw_page packet dwords checked: 17800, mismatched: 0
  last submit's host->GPU writes (deferred check):
    all landed

[exited with code 0]
