previous cycle done 23:06:28
launched parking cycle 23:06:31
log: sweeps/chestnut-usb3-20260830/dflash-restore-fault-20260905/logs/20260905-230631-restore-cycle.log
=== HANG/FAULT 23:20:16 ===
SERVED run 1 kind=warmup startup=591s 23:16:25
SERVED run 2 kind=restore startup=150s 23:19:37
FAULT run 2 (restore) req 1
DONE 23:21:55
=== fault or parked? ===
GCVM cid8 faults: 1
/v1/chat/completions  --  prep:    0 ms  --  in:    0 +   25  --  prefill:   9 tok/s  --  am usb:2-9: WAVEDUMP scanning SQ wave grid for fau
=== hang report for AMD: Wait timeout: 30000 ms! (the signal is not set to 37990, but 37986)
am usb:2-9: WAVEDUMP scanning SQ wave grid for fault_va=0x2000b67e4000 (want the wave whose store addr == fault_va) ...
=== resident waves (parked attn_prep expected: pc in 0x20001e35a000+0x3000) + SGPRs ===
am usb:2-9: WAVE se0 sa0 wgp0 simd0 w0: status=0x30818820 pc=0x20001e73c27c trapsts=0x10000100 hwid1=0x20000000 hwid2=0x00000100
am usb:2-9:   SGPR s0-31: 0x05abe520 0x00002000 0x00000010 0x00010800 0x14960f00 0x00002000 0xabd71e00 0x00002004 0x148f9d00 0x00002000 0x14800100 0x00002000 0x14801f00 0x00002000 0x1492ef00 0x00002000 0xabd72e80 0x00002004 0x148fb500 0x00002000 0x148fcd00 0x00002000 0x148fe500 0x00002000 0x14803100 0x00002000 0x148ffd00 0x00002000 0x14803700 0x00002000 0x14901500 0x00002000 0x2acee861 0x14962320 0x14803d00 0x00002000 0x14902d00 0x00002000 0x14801300 0x00002000 0x14804300 0x00002000 0x14904500 0x00002000 0x14801600 0x00002000 0x14804900 0x00002000 0x14905d00 0x00002000 0x14801900 0x00002000 0x14804f00 0x00002000 0x14907500 0x00002000 0x14801c00 0x00002000 0x00002000 0x14964b20 0x00002000 0x1
am usb:2-9: WAVE se0 sa0 wgp0 simd0 w1: status=0x30818820 pc=0x20001e73c27c trapsts=0x10000100 hwid1=0x20000001 hwid2=0x001f0100
am usb:2-9:   SGPR s0-31: 0x05abe520 0x00002000 0x00000190 0x0019c800 0x14960f00 0x00002000 0xabefde00 0x00002004 0x148f9d00 0x00002000 0x14800100 0x00002000 0x14801f00 0x00002000 0x1492ef00 0x00002000 0xabefee80 0x00002004 0x148fb500 0x00002000 0x148fcd00 0x00002000 0x148fe500 0x00002000 0x14803100 0x00002000 0x148ffd00 0x00002000 0x14803700 0x00002000 0x14901500 0x00002000 0x88c8a828 0x14962320 0x14803d00 0x00002000 0x14902d00 0x00002000 0x14801300 0x00002000 0x14804300 0x00002000 0x14904500 0x00002000 0x14801600 0x00002000 0x14804900 0x00002000 0x14905d00 0x00002000 0x14801900 0x00002000 0x14804f00 0x00002000 0x14907500 0x00002000 0x14801c00 0x00002000 0x00002000 0x14964b20 0x00002000 0x1
am usb:2-9: WAVE se0 sa0 wgp0 simd0 w2: status=0x30818820 pc=0x20001e73c27c trapsts=0x10000100 hwid1=0x20000002 hwid2=0x00010100
am usb:2-9:   SGPR s0-31: 0x05abe520 0x00002000 0x00000310 0x00328800 0x14960f00 0x00002000 0xac089e00 0x00002004 0x148f9d00 0x00002000 0x14800100 0x00002000 0x14801f00 0x00002000 0x1492ef00 0x00002000 0xac08ae80 0x00002004 0x148fb500 0x00002000 0x148fcd00 0x00002000 0x148fe500 0x00002000 0x14803100 0x00002000 0x148ffd00 0x00002000 0x14803700 0x00002000 0x14901500 0x00002000 0x1869bc91 0x14962320 0x14803d00 0x00002000 0x14902d00 0x00002000 0x14801300 0x00002000 0x14804300 0x00002000 0x14904500 0x00002000 0x14801600 0x00002000 0x14804900 0x00002000 0x14905d00 0x00002000 0x14801900 0x00002000 0x14804f00 0x00002000 0x14907500 0x00002000 0x14801c00 0x00002000 0x00002000 0x14964b20 0x00002000 0x1
am usb:2-9: WAVE se0 sa0 wgp0 simd0 w3: status=0x30818820 pc=0x20001e73c27c trapsts=0x10000100 hwid1=0x20000003 hwid2=0x001e0100
am usb:2-9:   SGPR s0-31: 0x05abe520 0x00002000 0x00000490 0x004b4800 0x14960f00 0x00002000 0xac215e00 0x00002004 0x148f9d00 0x00002000 0x14800100 0x00002000 0x14801f00 0x00002000 0x1492ef00 0x00002000 0xac216e80 0x00002004 0x148fb500 0x00002000 0x148fcd00 0x00002000 0x148fe500 0x00002000 0x14803100 0x00002000 0x148ffd00 0x00002000 0x14803700 0x00002000 0x14901500 0x00002000 0xa047eaa6 0x00002000 0x14803d00 0x00002000 0x14902d00 0x00002000 0x14801300 0x00002000 0x14804300 0x00002000 0x14904500 0x00002000 0x14801600 0x00002000 0x14804900 0x00002000 0x14905d00 0x00002000 0x14801900 0x00002000 0x14804f00 0x00002000 0x14907500 0x00002000 0x14801c00 0x00002000 0x00000000 0x14964b20 0x00002000 0x1
am usb:2-9: WAVE se0 sa0 wgp0 simd0 w4: status=0x30818820 pc=0x20001e73c39c trapsts=0x10000100 hwid1=0x20000004 hwid2=0x00020100
am usb:2-9: WAVE se0 sa0 wgp0 simd1 w0: status=0x30810820 pc=0x20001e73c27c trapsts=0x10000100 hwid1=0x20000100 hwid2=0x00000100
am usb:2-9: WAVE se0 sa0 wgp0 simd1 w1: status=0x30810820 pc=0x20001e73c27c trapsts=0x10000100 hwid1=0x20000101 hwid2=0x001f0100
am usb:2-9: WAVE se0 sa0 wgp0 simd1 w2: status=0x30810820 pc=0x20001e73c27c trapsts=0x10000100 hwid1=0x20000102 hwid2=0x00010100
=== attn_prep code range + sp_p ===
    sp_p of k[8] attn_prep_24_4_256_64_8204_11_k4jv4 @0x200014800000: [start_pos, n_tok, n_keep] = (29, 10, 5); kernels touching it: [0, 8, 9, 10, 18, 19, 27, 28, 37, 38, 46, 47]
    k[8] attn_prep_24_4_256_64_8204_11_k4jv4 code=0x20001e35a000 lib=[0x20001e35a000,+0x3000) img=0x2768 kernargs=0x200005abe1f0 bufs=0x20001490dd00/60K 0x200014800100/0K 0x20001491cd00/60K 0x20001492

[exited with code 0]
