10:18:39 chainK5 start: waiting for pid 24354
10:35:55   seq-4 rc=1     except (RuntimeError, MemoryError) as e: raise MemoryError(f"Allocation of {size_to_str(size)} failed on {self.dev.d MemoryError: Allocation of 6.00 MB failed on AMD. Used: 23.85 GB 
10:36:31   chunk-4 rc=1     except (RuntimeError, MemoryError) as e: raise MemoryError(f"Allocation of {size_to_str(size)} failed on {self.dev.d MemoryError: Allocation of 10.00 MB failed on AMD. Used: 23.85 GB 
10:37:08   chunk-8 rc=1     except (RuntimeError, MemoryError) as e: raise MemoryError(f"Allocation of {size_to_str(size)} failed on {self.dev.d MemoryError: Allocation of 10.00 MB failed on AMD. Used: 23.85 GB 
10:37:45   seq-8 rc=1     except (RuntimeError, MemoryError) as e: raise MemoryError(f"Allocation of {size_to_str(size)} failed on {self.dev.d MemoryError: Allocation of 10.00 MB failed on AMD. Used: 23.85 GB 
10:37:45 compare T=1 vs T=4:
Traceback (most recent call last):
  File "/home/jacob/z/tinygrad/sweeps/chestnut-usb3-20260830/bitexact-20260906/scripts/compare_numerics.py", line 6, in <module>
    a, b = np.load(sys.argv[1]), np.load(sys.argv[2])
           ~~~~~~~^^^^^^^^^^^^^
  File "/home/jacob/z/tinygrad/.venv/lib/python3.13/site-packages/numpy/lib/_npyio_impl.py", line 454, in load
    fid = stack.enter_context(open(os.fspath(file), "rb"))
                              ~~~~^^^^^^^^^^^^^^^^^^^^^^^
FileNotFoundError: [Errno 2] No such file or directory: '/home/jacob/z/tinygrad/sweeps/chestnut-usb3-20260830/bitexact-20260906/logs/numerics-20260906-101839/seq-4.npz'
10:37:45 compare T=1 vs T=8:
Traceback (most recent call last):
  File "/home/jacob/z/tinygrad/sweeps/chestnut-usb3-20260830/bitexact-20260906/scripts/compare_numerics.py", line 6, in <module>
    a, b = np.load(sys.argv[1]), np.load(sys.argv[2])
           ~~~~~~~^^^^^^^^^^^^^
  File "/home/jacob/z/tinygrad/.venv/lib/python3.13/site-packages/numpy/lib/_npyio_impl.py", line 454, in load
    fid = stack.enter_context(open(os.fspath(file), "rb"))
                              ~~~~^^^^^^^^^^^^^^^^^^^^^^^
FileNotFoundError: [Errno 2] No such file or directory: '/home/jacob/z/tinygrad/sweeps/chestnut-usb3-20260830/bitexact-20260906/logs/numerics-20260906-101839/seq-8.npz'
10:37:45 CHAINK5 DONE
