10:49:28 chainK7 start: waiting for pid 54671
11:08:44   seq-4 rc=1     except (RuntimeError, MemoryError) as e: raise MemoryError(f"Allocation of {size_to_str(size)} failed on {self.dev.d MemoryError: Allocation of 10.00 MB failed on AMD. Used: 23.85 GB 
11:09:21   chunk-4 rc=1     except (RuntimeError, MemoryError) as e: raise MemoryError(f"Allocation of {size_to_str(size)} failed on {self.dev.d MemoryError: Allocation of 10.00 MB failed on AMD. Used: 23.85 GB 
11:09:58   chunk-8 rc=1     except (RuntimeError, MemoryError) as e: raise MemoryError(f"Allocation of {size_to_str(size)} failed on {self.dev.d MemoryError: Allocation of 10.00 MB failed on AMD. Used: 23.85 GB 
11:10:35   seq-8 rc=1     except (RuntimeError, MemoryError) as e: raise MemoryError(f"Allocation of {size_to_str(size)} failed on {self.dev.d MemoryError: Allocation of 10.00 MB failed on AMD. Used: 23.85 GB 
11:10:35 compare T=1 vs T=4:
Traceback (most recent call last):
  File "/home/jacob/z/tinygrad/sweeps/chestnut-usb3-20260830/bitexact-20260906/scripts/compare_numerics.py", line 6, in <module>
    a, b = np.load(sys.argv[1]), np.load(sys.argv[2])
           ~~~~~~~^^^^^^^^^^^^^
  File "/home/jacob/z/tinygrad/.venv/lib/python3.13/site-packages/numpy/lib/_npyio_impl.py", line 454, in load
    fid = stack.enter_context(open(os.fspath(file), "rb"))
                              ~~~~^^^^^^^^^^^^^^^^^^^^^^^
FileNotFoundError: [Errno 2] No such file or directory: '/home/jacob/z/tinygrad/sweeps/chestnut-usb3-20260830/bitexact-20260906/logs/numerics-20260906-104928/seq-4.npz'
11:10:35 compare T=1 vs T=8:
Traceback (most recent call last):
  File "/home/jacob/z/tinygrad/sweeps/chestnut-usb3-20260830/bitexact-20260906/scripts/compare_numerics.py", line 6, in <module>
    a, b = np.load(sys.argv[1]), np.load(sys.argv[2])
           ~~~~~~~^^^^^^^^^^^^^
  File "/home/jacob/z/tinygrad/.venv/lib/python3.13/site-packages/numpy/lib/_npyio_impl.py", line 454, in load
    fid = stack.enter_context(open(os.fspath(file), "rb"))
                              ~~~~^^^^^^^^^^^^^^^^^^^^^^^
FileNotFoundError: [Errno 2] No such file or directory: '/home/jacob/z/tinygrad/sweeps/chestnut-usb3-20260830/bitexact-20260906/logs/numerics-20260906-104928/seq-8.npz'
11:10:35 CHAINK5 DONE
